baseline 0
guard_axes 1
guard_dates 1
guard_numeric 1
guard_nonfinite 1
guard_styles 1
guard_configuration 1
guard_alignment 1
guard_positive_inputs 1
guard_availability 1
guard_exposure_unavailable 1
guard_causality 1
guard_regression_weights 1
guard_partial_missing 1
guard_costs 1
guard_return_identity 1
guard_risk_numerical 1
guard_fit_numerical 1
guard_basis 1
guard_rank_deficient 1
guard_sample_size 1
guard_specific_variance 1
guard_covariance_psd 1
guard_covariance_symmetry 1
guard_integration_scope 1
guard_engine_identity 1
winsorization 1
demean 1
population_standardization 1
size_log 1
value_descriptor 1
momentum_skip 1
volatility_ddof_equivalence 0
volatility_calculation 1
liquidity_dollar_basis 1
prior_exposure_lag 1
wls_weighting 1
residual_subtraction 1
signed_portfolio_exposure 1
signed_specific_return 1
current_return_in_risk 1
bounded_risk_window 1
risk_warmup 1
factor_covariance_sample 1
specific_variance_sample 1
factor_cross_covariance 1
squared_active_weights 1
benchmark_subtraction 1
total_active_variance 1
tracking_error_root 1
annualization 1
net_costs 1
actual_prior_holdings 1
full_cross_section_returns 1
