bringing up nodes...
bringing up nodes...

........................................................................ [  1%]
........................................................................ [  3%]
........................................................................ [  5%]
........................................................................ [  6%]
........................................................................ [  8%]
........................................................................ [ 10%]
........................................................................ [ 11%]
........................................................................ [ 13%]
........................................................................ [ 15%]
........................................................................ [ 17%]
........................................................................ [ 18%]
........................................................................ [ 20%]
........................................................................ [ 22%]
........................................................................ [ 23%]
........................................................................ [ 25%]
........................................................................ [ 27%]
........................................................................ [ 29%]
........................................................................ [ 30%]
........................................................................ [ 32%]
........................................ss.............................. [ 34%]
........................................................................ [ 35%]
........................................................................ [ 37%]
........................................................................ [ 39%]
........................................................................ [ 41%]
........................................................................ [ 42%]
........................................................................ [ 44%]
........................................................................ [ 46%]
........................................................................ [ 47%]
........................................................................ [ 49%]
........................................................................ [ 51%]
........................................................................ [ 53%]
........................................................................ [ 54%]
........................................................................ [ 56%]
........................................................................ [ 58%]
........................................................................ [ 59%]
........................................................................ [ 61%]
........................................................................ [ 63%]
........................................................................ [ 65%]
........................................................................ [ 66%]
........................................................................ [ 68%]
........................................................................ [ 70%]
........................................................................ [ 71%]
........................................................................ [ 73%]
........................................................................ [ 75%]
........................................................................ [ 77%]
........................................................................ [ 78%]
........................................................................ [ 80%]
........................................................................ [ 82%]
........................................................................ [ 83%]
........................................................................ [ 85%]
........................................................................ [ 87%]
........................................................................ [ 88%]
........................................................................ [ 90%]
........................................................................ [ 92%]
........................................................................ [ 94%]
........................................................................ [ 95%]
........................................................................ [ 97%]
........................................................................ [ 99%]
...............................                                          [100%]
=============================== warnings summary ===============================
tests/test_ablation_c10b_eligible_rank.py::test_tied_constant_and_missing_spearman_matches_row_oracle
  /private/tmp/efr-m4-6-risk-attribution/.venv/lib/python3.12/site-packages/pandas/core/nanops.py:1673: ConstantInputWarning: An input array is constant; the correlation coefficient is not defined.
    return spearmanr(a, b)[0]

tests/test_long_short_backtest.py: 2 warnings
tests/test_market_impact_engines.py: 10 warnings
tests/test_pit_universe_delisting.py: 17 warnings
  /private/tmp/efr-m4-6-risk-attribution/src/backtest/long_short.py:684: ConstantInputWarning: An input array is constant; the correlation coefficient is not defined.
    sr, _ = spearmanr(indices, decile_means.to_numpy(dtype=float))

-- Docs: https://docs.pytest.org/en/stable/how-to/capture-warnings.html
=========================== short test summary info ============================
SKIPPED [2] tests/test_backtest_timing_contract.py:1221: platform longdouble has no precision beyond float64
4205 passed, 2 skipped, 30 warnings in 31.31s
